// Jest Snapshot v1, https://goo.gl/fbAQLP

exports[`<Payment /> should render and match snapshot 1`] = `null`;
